g:\devel\freefalcon\x64\debug\dxengine.pdb
g:\devel\freefalcon\src\graphics\dxengine\x64\debug\dxvbmanager.obj
g:\devel\freefalcon\src\graphics\dxengine\x64\debug\dxtools.obj
g:\devel\freefalcon\src\graphics\dxengine\x64\debug\dxlightengine.obj
g:\devel\freefalcon\src\graphics\dxengine\x64\debug\dxengine.obj
g:\devel\freefalcon\src\graphics\dxengine\x64\debug\dx2dengine.obj
g:\devel\freefalcon\src\graphics\dxengine\x64\debug\ffstatemap.obj
g:\devel\freefalcon\src\graphics\dxengine\x64\debug\d3d11texturemanager.obj
g:\devel\freefalcon\src\graphics\dxengine\x64\debug\d3d11renderer.obj
g:\devel\freefalcon\src\graphics\dxengine\x64\debug\d3d11geometrybuffer.obj
g:\devel\freefalcon\src\graphics\dxengine\x64\debug\openxrbackend.obj
g:\devel\freefalcon\src\graphics\dxengine\x64\debug\d3d11backend.obj
g:\devel\freefalcon\x64\debug\dxengine.lib
g:\devel\freefalcon\src\graphics\dxengine\x64\debug\dxengine.tlog\cl.command.1.tlog
g:\devel\freefalcon\src\graphics\dxengine\x64\debug\dxengine.tlog\cl.items.tlog
g:\devel\freefalcon\src\graphics\dxengine\x64\debug\dxengine.tlog\cl.read.1.tlog
g:\devel\freefalcon\src\graphics\dxengine\x64\debug\dxengine.tlog\cl.write.1.tlog
g:\devel\freefalcon\src\graphics\dxengine\x64\debug\dxengine.tlog\lib-link.read.1.tlog
g:\devel\freefalcon\src\graphics\dxengine\x64\debug\dxengine.tlog\lib-link.write.1.tlog
g:\devel\freefalcon\src\graphics\dxengine\x64\debug\dxengine.tlog\lib.command.1.tlog
